1         08:03:39.567537     172.16.1.38                             172.16.1.255                            NBNS      Name release request: JEREMIAHS-MBP<00>  NB  Unique NetBIOS name  Unknown  172.16.1.38
