1         11:34:40.2337       f0:25:b7:76:f0:0f                       01:60:1d:00:01:00                       SNAP      OUI: 0x00601d  Protocol Id: 0x0001
