1         23:02:36.308732     172.16.133.248                          172.16.128.169                          SNMP      GetResponse 1.3.6.1.2.1.2.2.1.10.46 1.3.6.1.2.1.2.2.1.16.46 1.3.6.1.2.1.1.3.0 
